// Jest Snapshot v1, https://goo.gl/fbAQLP

exports[`Should Render Configuration Page 1`] = `
<Fragment>
  <HelmetWrapper
    defer={true}
    encodeSpecialCharacters={true}
  >
    <title>
      Configuration Management
    </title>
    <meta
      content="Configuration Management"
      name="description"
    />
  </HelmetWrapper>
  <Connect(WithStyles(ConfigurationManagementContainer)) />
</Fragment>
`;
