// Jest Snapshot v1, https://goo.gl/fbAQLP

exports[`Should Render Configuration Mgmt Container 1`] = `
<div>
  <Menu />
  <WithStyles(ForwardRef(Container))>
    <Title
      color="secondary"
      title="Configuration Page"
    />
    <WithStyles(ForwardRef(Grid))
      container={true}
      spacing={3}
    >
      <WithStyles(ForwardRef(Grid))
        item={true}
        xs={3}
      >
        <WithStyles(TreeNavigation)
          nodeClickHandler={[Function]}
          treeItems={
            Array [
              Object {
                "children": Array [
                  Object {
                    "children": Array [
                      Object {
                        "data": Array [
                          Object {
                            "fields": Array [
                              Object {
                                "name": "id",
                                "type": "string",
                                "value": "local1",
                              },
                              Object {
                                "name": "key",
                                "type": "string",
                                "value": "A",
                              },
                              Object {
                                "name": "hostname",
                                "type": "string",
                                "value": "loalhost1",
                              },
                              Object {
                                "name": "port",
                                "type": "number",
                                "value": "8091",
                              },
                            ],
                          },
                          Object {
                            "fields": Array [
                              Object {
                                "name": "id",
                                "type": "string",
                                "value": "local2",
                              },
                              Object {
                                "name": "key",
                                "type": "string",
                                "value": "B",
                              },
                              Object {
                                "name": "hostname",
                                "type": "string",
                                "value": "loalhost2",
                              },
                              Object {
                                "name": "port",
                                "type": "number",
                                "value": "8092",
                              },
                            ],
                          },
                        ],
                        "id": "3",
                        "name": "LocalPool",
                      },
                      Object {
                        "data": Array [
                          Object {
                            "fields": Array [
                              Object {
                                "name": "id",
                                "type": "string",
                                "value": "test1",
                              },
                              Object {
                                "name": "key",
                                "type": "string",
                                "value": "A",
                              },
                              Object {
                                "name": "hostname",
                                "type": "string",
                                "value": "loalhost1",
                              },
                              Object {
                                "name": "port",
                                "type": "number",
                                "value": "9010",
                              },
                            ],
                          },
                        ],
                        "id": "4",
                        "name": "TestPool",
                      },
                    ],
                    "id": "2",
                    "name": "pools",
                  },
                ],
                "id": "1",
                "name": "serverpools",
              },
              Object {
                "data": Array [
                  Object {
                    "fields": Array [
                      Object {
                        "name": "enabled",
                        "type": "string",
                        "value": "false",
                      },
                      Object {
                        "name": "mode",
                        "type": "string",
                        "value": "single",
                      },
                      Object {
                        "name": "hosts",
                        "type": "string",
                        "value": "localhost:6379",
                      },
                      Object {
                        "name": "cluster_name",
                        "type": "string",
                        "value": "abcCluster",
                      },
                      Object {
                        "name": "database",
                        "type": "number",
                        "value": "0",
                      },
                    ],
                  },
                ],
                "id": "5",
                "name": "redisconfig",
              },
            ]
          }
        />
      </WithStyles(ForwardRef(Grid))>
      <WithStyles(ForwardRef(Grid))
        item={true}
        xs={9}
      >
        <WithStyles(FormComponent)
          pageData={Array []}
        />
      </WithStyles(ForwardRef(Grid))>
    </WithStyles(ForwardRef(Grid))>
  </WithStyles(ForwardRef(Container))>
</div>
`;
