// Jest Snapshot v1, https://goo.gl/fbAQLP

exports[`Should Render Header 1`] = `
<div
  className="makeStyles-root-1"
>
  <WithStyles(ForwardRef(AppBar))
    position="fixed"
  >
    <WithStyles(ForwardRef(Toolbar))>
      <WithStyles(ForwardRef(IconButton))
        aria-label="Home"
        className="makeStyles-HomeButton-2"
        color="inherit"
        edge="start"
        onClick={[Function]}
      >
        <HomeIcon />
      </WithStyles(ForwardRef(IconButton))>
      <WithStyles(ForwardRef(Typography))
        color="inherit"
        variant="h6"
      >
        HTTP APP Console
      </WithStyles(ForwardRef(Typography))>
    </WithStyles(ForwardRef(Toolbar))>
  </WithStyles(ForwardRef(AppBar))>
</div>
`;
